Script started on 2026-06-09 04:01:56+00:00 [COMMAND="/usr/local/bin/bun expo start --port 8081 --tunnel" <not executed on terminal>]
[90menv: load .env.local[39m
[90menv: export EXPO_PUBLIC_BLINK_PROJECT_ID EXPO_PUBLIC_BLINK_PUBLISHABLE_KEY BLINK_SECRET_KEY[39m
[90mStarting project at /home/user[39m
[2mStarting Metro Bundler[22m
Tunnel connected.
Tunnel ready.
[33mThe following packages should be updated for best compatibility with the installed [1mexpo[22m version:[39m
[33m  [1mexpo[22m[36m@[39m[33m[31m54.0.33[39m[33m - expected version: [32m~54.0.35[39m[33m[39m
[33m  [1mexpo-font[22m[36m@[39m[33m[31m14.0.11[39m[33m - expected version: [32m~14.0.12[39m[33m[39m
[33m  [1mexpo-image-picker[22m[36m@[39m[33m[31m17.0.10[39m[33m - expected version: [32m~17.0.11[39m[33m[39m
[33m  [1mexpo-linking[22m[36m@[39m[33m[31m8.0.11[39m[33m - expected version: [32m~8.0.12[39m[33m[39m
[33m  [1mexpo-router[22m[36m@[39m[33m[31m6.0.23[39m[33m - expected version: [32m~6.0.24[39m[33m[39m
[33m  [1mexpo-web-browser[22m[36m@[39m[33m[31m15.0.10[39m[33m - expected version: [32m~15.0.11[39m[33m[39m
[33mYour project may not work correctly until you install the expected versions of the packages.[39m
▄▄▄▄▄▄▄▄▄▄▄▄▄▄▄▄▄▄▄▄▄▄▄▄▄▄▄▄▄▄▄
█ ▄▄▄▄▄ █   █▄▄ ▄ ▄▄▀▄█ ▄▄▄▄▄ █
█ █   █ █ ▀▄ █▀  ▀▄▄▄ █ █   █ █
█ █▄▄▄█ █▀██▀▀ █▄▄▄▀▀██ █▄▄▄█ █
█▄▄▄▄▄▄▄█▄▀▄█ █▄█ ▀▄█ █▄▄▄▄▄▄▄█
█  █▀▄ ▄██▀▀▄▀▄ ▀ ▄▄▄▄▀▀ ▀ ▄  █
█ ▄▀▀▄ ▄▄ █▀ ▄ ▄ ▀ █▀▀▄ █ █▄  █
█▀  █▄▀▄█▀█▄█▄ ▀ ▀ ▄█▄█▀▀▀▄█▀▀█
██ ▄▀█ ▄  ▀██▀█▀ ▄ █▀▄█▀ ▀▄▄▀ █
█▀  █▄▀▄ ▄▄█▄▀▄▄▀▀▄▄█▄▄▀ ▀▄█▀ █
███▀█▄▄▄▀▀▀  ▄ ▄▄▄ ▀▀▀ ▄▀▄ ▄█ █
█▄▄▄▄██▄█▀ ▀█▄ ▀ █  ▀ ▄▄▄ ▄█▄▀█
█ ▄▄▄▄▄ █▀█▄█▀█▀  ▀▄  █▄█ ▀▄▀▄█
█ █   █ █▄ ▀▄▀▄▄▀ ▄▀▄  ▄ ▄█▀▄▀█
█ █▄▄▄█ █▀ █ ▄ ▄    █ ▄█▀▀▀█  █
█▄▄▄▄▄▄▄█▄▄██▄▄█▄▄▄██▄██▄▄██▄██

› Metro waiting on [4mexp://ntvsxoq-blinknew-8081.exp.direct[24m
› Scan the QR code above with Expo Go (Android) or the Camera app (iOS)

› Web is waiting on [4mhttp://localhost:8081[24m

› Using [36mExpo Go[39m
› Press [1ms[22m [2m│[22m switch to development build

› Press [1ma[22m [2m│[22m open Android
› Press [1mw[22m [2m│[22m open web

› Press [1mj[22m [2m│[22m open debugger
› Press [1mr[22m [2m│[22m reload app
› Press [1mm[22m [2m│[22m toggle menu
› [1mshift+m[22m [2m│[22m more tools
› Press [1mo[22m [2m│[22m open project code in your editor

› Press [1m?[22m [2m│[22m show all commands

Logs for your project will appear below.[2m Press Ctrl+C to exit.[22m
[1mWeb[22m [0m[2mnode_modules/expo-router/[22m[0m[1mentry.js[22m [47m[37m░░░░░░░░░░░░░░░░[39m[49m[1m  0.0% [22m[2m(0/1)[22m
[31m[1mWeb[22m Bundling failed [39m[2m3248ms[22m[0m[2m node_modules/expo-router/entry.js (3270 modules)[22m[0m
Unable to resolve "@picovoice/porcupine-react-native" from "src/services/MastermindEngine.ts"
[0m[31m[1m>[22m[39m[90m 1 |[39m [36mimport[39m { [33mPorcupineManager[39m } [36mfrom[39m [32m'@picovoice/porcupine-react-native'[39m[33m;[39m
 [90m   |[39m                                   [31m[1m^[22m[39m
 [90m 2 |[39m [36mimport[39m { [33mChelseaHealer[39m } [36mfrom[39m [32m'./SelfHealingService'[39m[33m;[39m
 [90m 3 |[39m
 [90m 4 |[39m [36mexport[39m [36mconst[39m triggerSelfHealing [33m=[39m [36masync[39m (error[33m:[39m string[33m,[39m stack[33m?[39m[33m:[39m string) [33m=>[39m {[0m

[1mImport stack:[22m

[90m [39msrc/services/MastermindEngine.ts
[90m |[39m [36mimport[39m [32m"@picovoice/porcupine-react-native"[39m

[90m [39mapp/(tabs)/security.tsx
[90m |[39m [36mimport[39m [32m"@/src/services/MastermindEngine"[39m

[90m [39mapp[2m (require.context)[22m

[31m[1mWeb[22m Bundling failed [39m[2m2528ms[22m[0m[2m node_modules/expo-router/entry.js (3315 modules)[22m[0m
Unable to resolve "@picovoice/porcupine-react-native" from "src/services/MastermindEngine.ts"
[0m[31m[1m>[22m[39m[90m 1 |[39m [36mimport[39m { [33mPorcupineManager[39m } [36mfrom[39m [32m'@picovoice/porcupine-react-native'[39m[33m;[39m
 [90m   |[39m                                   [31m[1m^[22m[39m
 [90m 2 |[39m [36mimport[39m { [33mChelseaHealer[39m } [36mfrom[39m [32m'./SelfHealingService'[39m[33m;[39m
 [90m 3 |[39m
 [90m 4 |[39m [36mexport[39m [36mconst[39m triggerSelfHealing [33m=[39m [36masync[39m (error[33m:[39m string[33m,[39m stack[33m?[39m[33m:[39m string) [33m=>[39m {[0m

[1mImport stack:[22m

[90m [39msrc/services/MastermindEngine.ts
[90m |[39m [36mimport[39m [32m"@picovoice/porcupine-react-native"[39m

[90m [39mapp/(tabs)/security.tsx
[90m |[39m [36mimport[39m [32m"@/src/services/MastermindEngine"[39m

[90m [39mapp[2m (require.context)[22m

[1mWeb[22m [0m[2mnode_modules/expo-router/[22m[0m[1mentry.js[22m [47m[37m░░░░░░░░░░░░░░░░[39m[49m[1m  0.0% [22m[2m(0/1)[22m
[31m[1mWeb[22m Bundling failed [39m[2m1820ms[22m[0m[2m node_modules/expo-router/entry.js (3219 modules)[22m[0m
Unable to resolve "@picovoice/porcupine-react-native" from "src/services/MastermindEngine.ts"
[0m[31m[1m>[22m[39m[90m 1 |[39m [36mimport[39m { [33mPorcupineManager[39m } [36mfrom[39m [32m'@picovoice/porcupine-react-native'[39m[33m;[39m
 [90m   |[39m                                   [31m[1m^[22m[39m
 [90m 2 |[39m [36mimport[39m { [33mChelseaHealer[39m } [36mfrom[39m [32m'./SelfHealingService'[39m[33m;[39m
 [90m 3 |[39m
 [90m 4 |[39m [36mexport[39m [36mconst[39m triggerSelfHealing [33m=[39m [36masync[39m (error[33m:[39m string[33m,[39m stack[33m?[39m[33m:[39m string) [33m=>[39m {[0m

[1mImport stack:[22m

[90m [39msrc/services/MastermindEngine.ts
[90m |[39m [36mimport[39m [32m"@picovoice/porcupine-react-native"[39m

[90m [39mapp/(tabs)/security.tsx
[90m |[39m [36mimport[39m [32m"@/src/services/MastermindEngine"[39m

[90m [39mapp[2m (require.context)[22m

[31mTunnel connection has been closed. This is often related to intermittent connection issues between the dev server and ngrok. Restart the dev server to try connecting to ngrok again.[39m[90m[39m
[90mCheck the Ngrok status page for outages: https://status.ngrok.com/[39m
Tunnel connected.
[31mTunnel connection has been closed. This is often related to intermittent connection issues between the dev server and ngrok. Restart the dev server to try connecting to ngrok again.[39m[90m[39m
[90mCheck the Ngrok status page for outages: https://status.ngrok.com/[39m
Tunnel connected.
[1mWeb[22m [0m[2mnode_modules/expo-router/[22m[0m[1mentry.js[22m [47m[37m░░░░░░░░░░░░░░░░[39m[49m[1m  0.0% [22m[2m(0/1)[22m
[1mWeb[22m [0m[2mnode_modules/expo-router/[22m[0m[1mentry.js[22m [32m[42m▓▓▓▓▓▓▓▓▓▓▓▓▓[49m[39m[47m[37m░░░[39m[49m[1m 84.0% [22m[2m(2639/2879)[22m
[1mWeb[22m [0m[2mnode_modules/expo-router/[22m[0m[1mentry.js[22m [47m[37m░░░░░░░░░░░░░░░░[39m[49m[1m  0.0% [22m[2m(0/1)[22m
[31m[1mWeb[22m Bundling failed [39m[2m1737ms[22m[0m[2m node_modules/expo-router/entry.js (1 module)[22m[0m
Unable to resolve "@picovoice/porcupine-react-native" from "src/services/MastermindEngine.ts"
[0m[31m[1m>[22m[39m[90m 1 |[39m [36mimport[39m { [33mPorcupineManager[39m } [36mfrom[39m [32m'@picovoice/porcupine-react-native'[39m[33m;[39m
 [90m   |[39m                                   [31m[1m^[22m[39m
 [90m 2 |[39m [36mimport[39m { [33mChelseaHealer[39m } [36mfrom[39m [32m'./SelfHealingService'[39m[33m;[39m
 [90m 3 |[39m
 [90m 4 |[39m [36mexport[39m [36mconst[39m triggerSelfHealing [33m=[39m [36masync[39m (error[33m:[39m string[33m,[39m stack[33m?[39m[33m:[39m string) [33m=>[39m {[0m

[1mImport stack:[22m

[90m [39msrc/services/MastermindEngine.ts
[90m |[39m [36mimport[39m [32m"@picovoice/porcupine-react-native"[39m

[90m [39mapp/(tabs)/security.tsx
[90m |[39m [36mimport[39m [32m"@/src/services/MastermindEngine"[39m

[90m [39mapp[2m (require.context)[22m

[31m[1mWeb[22m Bundling failed [39m[2m4067ms[22m[0m[2m node_modules/expo-router/entry.js (3277 modules)[22m[0m
Unable to resolve "@picovoice/porcupine-react-native" from "src/services/MastermindEngine.ts"
[0m[31m[1m>[22m[39m[90m 1 |[39m [36mimport[39m { [33mPorcupineManager[39m } [36mfrom[39m [32m'@picovoice/porcupine-react-native'[39m[33m;[39m
 [90m   |[39m                                   [31m[1m^[22m[39m
 [90m 2 |[39m [36mimport[39m { [33mChelseaHealer[39m } [36mfrom[39m [32m'./SelfHealingService'[39m[33m;[39m
 [90m 3 |[39m
 [90m 4 |[39m [36mexport[39m [36mconst[39m triggerSelfHealing [33m=[39m [36masync[39m (error[33m:[39m string[33m,[39m stack[33m?[39m[33m:[39m string) [33m=>[39m {[0m

[1mImport stack:[22m

[90m [39msrc/services/MastermindEngine.ts
[90m |[39m [36mimport[39m [32m"@picovoice/porcupine-react-native"[39m

[90m [39mapp/(tabs)/security.tsx
[90m |[39m [36mimport[39m [32m"@/src/services/MastermindEngine"[39m

[90m [39mapp[2m (require.context)[22m

[31mTunnel connection has been closed. This is often related to intermittent connection issues between the dev server and ngrok. Restart the dev server to try connecting to ngrok again.[39m[90m[39m
[90mCheck the Ngrok status page for outages: https://status.ngrok.com/[39m
Tunnel connected.
[31mTunnel connection has been closed. This is often related to intermittent connection issues between the dev server and ngrok. Restart the dev server to try connecting to ngrok again.[39m[90m[39m
[90mCheck the Ngrok status page for outages: https://status.ngrok.com/[39m
Tunnel connected.
[1mWeb[22m [0m[2mnode_modules/expo-router/[22m[0m[1mentry.js[22m [47m[37m░░░░░░░░░░░░░░░░[39m[49m[1m  0.0% [22m[2m(0/1)[22m
[1mWeb[22m [0m[2mnode_modules/expo-router/[22m[0m[1mentry.js[22m [32m[42m▓[49m[39m[47m[37m░░░░░░░░░░░░░░░[39m[49m[1m  9.0% [22m[2m( 5/20)[22m
[1mWeb[22m [0m[2mnode_modules/expo-router/[22m[0m[1mentry.js[22m [32m[42m▓[49m[39m[47m[37m░░░░░░░░░░░░░░░[39m[49m[1m 10.3% [22m[2m( 76/237)[22m
[1mWeb[22m [0m[2mnode_modules/expo-router/[22m[0m[1mentry.js[22m [32m[42m▓▓▓[49m[39m[47m[37m░░░░░░░░░░░░░[39m[49m[1m 19.7% [22m[2m(151/340)[22m
[1mWeb[22m [0m[2mnode_modules/expo-router/[22m[0m[1mentry.js[22m [32m[42m▓▓▓▓▓▓▓▓▓▓▓▓▓[49m[39m[47m[37m░░░[39m[49m[1m 84.7% [22m[2m(2672/2903)[22m
[1mWeb[22m [0m[2mnode_modules/expo-router/[22m[0m[1mentry.js[22m [47m[37m░░░░░░░░░░░░░░░░[39m[49m[1m  0.0% [22m[2m(0/1)[22m
[31m[1mWeb[22m Bundling failed [39m[2m1958ms[22m[0m[2m node_modules/expo-router/entry.js (1 module)[22m[0m
Unable to resolve "@stripe/stripe-react-native" from "src/services/WealthTracker.ts"
[0m[31m[1m>[22m[39m[90m 1 |[39m [36mimport[39m { initStripe } [36mfrom[39m [32m'@stripe/stripe-react-native'[39m[33m;[39m
 [90m   |[39m                             [31m[1m^[22m[39m
 [90m 2 |[39m
 [90m 3 |[39m [36mexport[39m [36mconst[39m initializeWealthFlow [33m=[39m [36masync[39m () [33m=>[39m {
 [90m 4 |[39m   [36mtry[39m {[0m

[1mImport stack:[22m

[90m [39msrc/services/WealthTracker.ts
[90m |[39m [36mimport[39m [32m"@stripe/stripe-react-native"[39m

[90m [39mapp/(tabs)/wealth.tsx
[90m |[39m [36mimport[39m [32m"@/src/services/WealthTracker"[39m

[90m [39mapp[2m (require.context)[22m

[31m[1mWeb[22m Bundling failed [39m[2m93ms[22m[0m[2m node_modules/expo-router/entry.js (1 module)[22m[0m
Unable to resolve "@stripe/stripe-react-native" from "src/services/WealthTracker.ts"
[0m[31m[1m>[22m[39m[90m 1 |[39m [36mimport[39m { initStripe } [36mfrom[39m [32m'@stripe/stripe-react-native'[39m[33m;[39m
 [90m   |[39m                             [31m[1m^[22m[39m
 [90m 2 |[39m
 [90m 3 |[39m [36mexport[39m [36mconst[39m initializeWealthFlow [33m=[39m [36masync[39m () [33m=>[39m {
 [90m 4 |[39m   [36mtry[39m {[0m

[1mImport stack:[22m

[90m [39msrc/services/WealthTracker.ts
[90m |[39m [36mimport[39m [32m"@stripe/stripe-react-native"[39m

[90m [39mapp/(tabs)/wealth.tsx
[90m |[39m [36mimport[39m [32m"@/src/services/WealthTracker"[39m

[90m [39mapp[2m (require.context)[22m

[31m[1mWeb[22m Bundling failed [39m[2m21031ms[22m[0m[2m node_modules/expo-router/entry.js (3240 modules)[22m[0m
Unable to resolve "@stripe/stripe-react-native" from "src/services/WealthTracker.ts"
[0m[31m[1m>[22m[39m[90m 1 |[39m [36mimport[39m { initStripe } [36mfrom[39m [32m'@stripe/stripe-react-native'[39m[33m;[39m
 [90m   |[39m                             [31m[1m^[22m[39m
 [90m 2 |[39m
 [90m 3 |[39m [36mexport[39m [36mconst[39m initializeWealthFlow [33m=[39m [36masync[39m () [33m=>[39m {
 [90m 4 |[39m   [36mtry[39m {[0m

[1mImport stack:[22m

[90m [39msrc/services/WealthTracker.ts
[90m |[39m [36mimport[39m [32m"@stripe/stripe-react-native"[39m

[90m [39mapp/(tabs)/wealth.tsx
[90m |[39m [36mimport[39m [32m"@/src/services/WealthTracker"[39m

[90m [39mapp[2m (require.context)[22m

